// Jest Snapshot v1, https://goo.gl/fbAQLP

exports[`AppThemedExternalLink matches snapshot 1`] = `
<View
  testID="external-link"
/>
`;
