// Jest Snapshot v1, https://goo.gl/fbAQLP

exports[`OnError matches snapshot 1`] = `
<View
  style={
    [
      {
        "backgroundColor": "#151718",
      },
      {},
    ]
  }
>
  <Text
    style={
      [
        {
          "color": "#ECEDEE",
        },
        {
          "fontSize": 34.285714285714285,
          "lineHeight": 51.42857142857143,
        },
        undefined,
        undefined,
        undefined,
        undefined,
        undefined,
      ]
    }
  >
    Error: 
  </Text>
  <Text
    onPress={[Function]}
    style={
      [
        {
          "color": "#ECEDEE",
        },
        undefined,
        undefined,
        undefined,
        undefined,
        {
          "color": "#CD03EF",
          "fontSize": 34.285714285714285,
          "lineHeight": 64.28571428571428,
        },
        {
          "fontSize": 34.285714285714285,
          "textAlign": "center",
        },
      ]
    }
  >
    Home
  </Text>
</View>
`;
