// Jest Snapshot v1, https://goo.gl/fbAQLP

exports[`Collapsible renders correctly 1`] = `
<View
  style={
    [
      {
        "backgroundColor": "#151718",
      },
      undefined,
    ]
  }
>
  <View
    accessibilityState={
      {
        "busy": undefined,
        "checked": undefined,
        "disabled": undefined,
        "expanded": undefined,
        "selected": undefined,
      }
    }
    accessibilityValue={
      {
        "max": undefined,
        "min": undefined,
        "now": undefined,
        "text": undefined,
      }
    }
    accessible={true}
    collapsable={false}
    focusable={true}
    onClick={[Function]}
    onResponderGrant={[Function]}
    onResponderMove={[Function]}
    onResponderRelease={[Function]}
    onResponderTerminate={[Function]}
    onResponderTerminationRequest={[Function]}
    onStartShouldSetResponder={[Function]}
    style={
      {
        "alignItems": "center",
        "flexDirection": "row",
        "gap": 6,
        "opacity": 1,
      }
    }
    testID="collapsible-header"
  >
    <Text />
    <Text
      style={
        [
          {
            "color": "#ECEDEE",
          },
          undefined,
          undefined,
          {
            "fontSize": 34.285714285714285,
            "fontWeight": "600",
            "lineHeight": 51.42857142857143,
          },
          undefined,
          undefined,
          undefined,
        ]
      }
    >
      title
    </Text>
  </View>
</View>
`;
