// Jest Snapshot v1, https://goo.gl/fbAQLP

exports[`TabbedComponent renders correctly 1`] = `
[
  <View
    style={
      [
        {
          "backgroundColor": "#151718",
        },
        {
          "display": "flex",
          "flexDirection": "row",
          "justifyContent": "center",
          "paddingBottom": 39.23529411764706,
          "width": "100%",
        },
      ]
    }
  >
    <View
      accessibilityState={
        {
          "busy": undefined,
          "checked": undefined,
          "disabled": undefined,
          "expanded": undefined,
          "selected": undefined,
        }
      }
      accessibilityValue={
        {
          "max": undefined,
          "min": undefined,
          "now": undefined,
          "text": undefined,
        }
      }
      accessible={true}
      collapsable={false}
      focusable={true}
      onBlur={[Function]}
      onClick={[Function]}
      onFocus={[Function]}
      onResponderGrant={[Function]}
      onResponderMove={[Function]}
      onResponderRelease={[Function]}
      onResponderTerminate={[Function]}
      onResponderTerminationRequest={[Function]}
      onStartShouldSetResponder={[Function]}
    >
      <Text
        style={
          [
            {
              "color": "#ECEDEE",
            },
            {
              "fontSize": 34.285714285714285,
              "lineHeight": 51.42857142857143,
            },
            undefined,
            undefined,
            undefined,
            undefined,
            [
              {
                "color": "#CD03EF",
              },
              {
                "paddingHorizontal": 32.14285714285714,
              },
            ],
          ]
        }
      >
        Tab 1
      </Text>
    </View>
    <View
      accessibilityState={
        {
          "busy": undefined,
          "checked": undefined,
          "disabled": undefined,
          "expanded": undefined,
          "selected": undefined,
        }
      }
      accessibilityValue={
        {
          "max": undefined,
          "min": undefined,
          "now": undefined,
          "text": undefined,
        }
      }
      accessible={true}
      collapsable={false}
      focusable={true}
      onBlur={[Function]}
      onClick={[Function]}
      onFocus={[Function]}
      onResponderGrant={[Function]}
      onResponderMove={[Function]}
      onResponderRelease={[Function]}
      onResponderTerminate={[Function]}
      onResponderTerminationRequest={[Function]}
      onStartShouldSetResponder={[Function]}
    >
      <Text
        style={
          [
            {
              "color": "#ECEDEE",
            },
            {
              "fontSize": 34.285714285714285,
              "lineHeight": 51.42857142857143,
            },
            undefined,
            undefined,
            undefined,
            undefined,
            [
              false,
              {
                "paddingHorizontal": 32.14285714285714,
              },
            ],
          ]
        }
      >
        Tab 2
      </Text>
    </View>
    <View
      accessibilityState={
        {
          "busy": undefined,
          "checked": undefined,
          "disabled": undefined,
          "expanded": undefined,
          "selected": undefined,
        }
      }
      accessibilityValue={
        {
          "max": undefined,
          "min": undefined,
          "now": undefined,
          "text": undefined,
        }
      }
      accessible={true}
      collapsable={false}
      focusable={true}
      onBlur={[Function]}
      onClick={[Function]}
      onFocus={[Function]}
      onResponderGrant={[Function]}
      onResponderMove={[Function]}
      onResponderRelease={[Function]}
      onResponderTerminate={[Function]}
      onResponderTerminationRequest={[Function]}
      onStartShouldSetResponder={[Function]}
    >
      <Text
        style={
          [
            {
              "color": "#ECEDEE",
            },
            {
              "fontSize": 34.285714285714285,
              "lineHeight": 51.42857142857143,
            },
            undefined,
            undefined,
            undefined,
            undefined,
            [
              false,
              {
                "paddingHorizontal": 32.14285714285714,
              },
            ],
          ]
        }
      >
        Tab 3
      </Text>
    </View>
  </View>,
  <Text
    style={
      [
        {
          "color": "#ECEDEE",
        },
        {
          "fontSize": 34.285714285714285,
          "lineHeight": 51.42857142857143,
        },
        undefined,
        undefined,
        undefined,
        undefined,
        undefined,
      ]
    }
  >
    Content for Tab 1
  </Text>,
]
`;
