// Jest Snapshot v1, https://goo.gl/fbAQLP

exports[`ListHeader Component renders correctly with headings 1`] = `
<div>
  <div>
    <div>
      Heading 1
    </div>
  </div>
  <div>
    <div>
      Heading 2
    </div>
  </div>
  <div>
    <div>
      Heading 3
    </div>
  </div>
</div>
`;
